Calculating task graph as no cached configuration is available for tasks: build

1 problem was found storing the configuration cache.
- Task `:common-lib:compileJava` of type `org.gradle.api.tasks.compile.JavaCompile`: error writing value of type 'org.gradle.api.internal.artifacts.configurations.DefaultLegacyConfiguration'

See the complete report at file:///C:/Users/HP/OneDrive/Desktop/OMS/build/reports/configuration-cache/3dmeqk0wt107jsbzst4xbgna8/el6cvmtkup1u8m19p9coayxix/configuration-cache-report.html

.\gradlew.bat : 
At line:1 char:1
+ .\gradlew.bat build > build_output.txt 2>&1
+ ~~~~~~~~~~~~~~~~~~~~~~~~~~~~~~~~~~~~~~~~~~~
    + CategoryInfo          : NotSpecified: (:String) [ 
   ], RemoteException
    + FullyQualifiedErrorId : NativeCommandError
 
FAILURE: Build failed with an exception.

[Incubating] Problems report is available at: file:///C:/Users/HP/OneDrive/Desktop/OMS/build/reports/problems/problems-report.html
* What went wrong:
Configuration cache state could not be cached: field 
`annotationProcessorPath` of 
`org.gradle.api.tasks.compile.CompileOptions_Decorated` 
bean found in field `capturedArgs` of 
`java.lang.invoke.SerializedLambda` bean found in field 
`spec` of `org.gradle.api.internal.tasks.execution.SelfD
escribingSpec` bean found in doNotCacheIf specs of task 
`:common-lib:compileJava` of type 
`org.gradle.api.tasks.compile.JavaCompile`: error 
writing value of type 'org.gradle.api.internal.artifacts
.configurations.DefaultLegacyConfiguration'
> Failed to notify dependency resolution listener.
   > 'java.util.Set org.gradle.api.artifacts.LenientConf
iguration.getArtifacts(org.gradle.api.specs.Spec)'

* Try:
> Run with --stacktrace option to get the stack trace.
> Run with --info or --debug option to get more log 
output.
> Run with --scan to get full insights from a Build 
Scan (powered by Develocity).
> Get more help at https://help.gradle.org.

Deprecated Gradle features were used in this build, making it incompatible with Gradle 10.

You can use '--warning-mode all' to show the individual deprecation warnings and determine if they come from your own scripts or plugins.


BUILD FAILED in 1s
For more on this, please refer to https://docs.gradle.org/9.4.0/userguide/command_line_interface.html#sec:command_line_warnings in the Gradle documentation.
Configuration cache entry discarded due to serialization error.
